// Jest Snapshot v1, https://goo.gl/fbAQLP

exports[`Pruebas en <AddCatagory /> debe mostrarse correctamente 1`] = `
<form
  onSubmit={[Function]}
>
  <p />
  <input
    className="indigo lighten-5"
    onChange={[Function]}
    type="text"
    value=""
  />
</form>
`;
