// Jest Snapshot v1, https://goo.gl/fbAQLP

exports[`Pruebas en el componente <GifGrid /> Snapshots del componente 1`] = `
<Fragment>
  <h3
    className="card animate__animated animate__zoomInDown"
  >
    hola
  </h3>
  <p>
    Loading
  </p>
  <div
    className="card-grid"
  />
</Fragment>
`;
