// Jest Snapshot v1, https://goo.gl/fbAQLP

exports[`Pruebas en el componenete <GifGriditem /> Comprobar el render de el componente 1`] = `
<div
  className="card animate__animated animate__zoomInDown"
>
  <img
    alt="un titulo"
    src="https://localhost/algo.jpg"
  />
  <p>
    un titulo
  </p>
</div>
`;
